Fecha: 2025-07-25 18:09:17
Destinatario: adriiang322@gmail.com
Asunto: Solicitud Rechazada
Mensaje: Lamentamos informarle que su solicitud #21 ha sido rechazada.

Motivo del rechazo: xd

Si tiene alguna duda, por favor comuníquese con el área correspondiente.
----------------------------------------

Fecha: 2025-07-25 23:11:18
Destinatario: adriiang322@gmail.com
Asunto: Solicitud Aprobada por Almacén
Mensaje: Su solicitud #21 ha sido aprobada por el área de almacén. Puede pasar a recoger los elementos solicitados.
----------------------------------------

Fecha: 2025-07-25 23:14:51
Destinatario: adriiang322@gmail.com
Asunto: Solicitud Aprobada por Almacén
Mensaje: Su solicitud #21 ha sido aprobada por el área de almacén. Puede pasar a recoger los elementos solicitados.
----------------------------------------

Fecha: 2025-07-25 23:14:57
Destinatario: adriiang322@gmail.com
Asunto: Solicitud Aprobada por Almacén
Mensaje: Su solicitud #21 ha sido aprobada por el área de almacén. Puede pasar a recoger los elementos solicitados.
----------------------------------------

Fecha: 2025-07-25 23:15:27
Destinatario: adriiang322@gmail.com
Asunto: Solicitud Aprobada por Almacén
Mensaje: Su solicitud #19 ha sido aprobada por el área de almacén. Puede pasar a recoger los elementos solicitados.
----------------------------------------

Fecha: 2025-07-25 23:16:16
Destinatario: adriiang322@gmail.com
Asunto: Solicitud Rechazada
Mensaje: Lamentamos informarle que su solicitud #19 ha sido rechazada.

Motivo del rechazo: x

Si tiene alguna duda, por favor comuníquese con el área correspondiente.
----------------------------------------

Fecha: 2025-07-25 23:23:29
Destinatario: adriiang322@gmail.com
Asunto: Solicitud Aprobada por Almacén
Mensaje: Su solicitud #21 ha sido aprobada por el área de almacén. Puede pasar a recoger los elementos solicitados.
----------------------------------------

Fecha: 2025-07-25 23:23:54
Destinatario: adriiang322@gmail.com
Asunto: Solicitud Aprobada por Almacén
Mensaje: Su solicitud #19 ha sido aprobada por el área de almacén. Puede pasar a recoger los elementos solicitados.
----------------------------------------

Fecha: 2025-07-25 23:39:45
Destinatario: adriiang322@gmail.com
Asunto: Solicitud Rechazada
Mensaje: Lamentamos informarle que su solicitud #19 ha sido rechazada.

Motivo del rechazo: a

Si tiene alguna duda, por favor comuníquese con el área correspondiente.
----------------------------------------

Fecha: 2025-07-27 23:20:19
Destinatario: adriiang322@gmail.com
Asunto: Solicitud Aprobada por Almacén
Mensaje: Su solicitud #22 ha sido aprobada por el área de almacén. Puede pasar a recoger los elementos solicitados.
----------------------------------------

Fecha: 2025-07-27 23:30:11
Destinatario: adriiang322@gmail.com
Asunto: Solicitud Aprobada por Almacén
Mensaje: Su solicitud #22 ha sido aprobada por el área de almacén. Puede pasar a recoger los elementos solicitados.
----------------------------------------

Fecha: 2025-07-27 23:30:14
Destinatario: adriiang322@gmail.com
Asunto: Solicitud Aprobada por Almacén
Mensaje: Su solicitud #22 ha sido aprobada por el área de almacén. Puede pasar a recoger los elementos solicitados.
----------------------------------------

Fecha: 2025-07-27 23:44:54
Destinatario: adriiang322@gmail.com
Asunto: Solicitud Aprobada por Almacén
Mensaje: Su solicitud #22 ha sido aprobada por el área de almacén. Puede pasar a recoger los elementos solicitados.
----------------------------------------

Fecha: 2025-07-27 23:45:41
Destinatario: adriiang322@gmail.com
Asunto: Solicitud Aprobada por Almacén
Mensaje: Su solicitud #22 ha sido aprobada por el área de almacén. Puede pasar a recoger los elementos solicitados.
----------------------------------------

Fecha: 2025-07-27 23:48:15
Destinatario: adriiang322@gmail.com
Asunto: Solicitud Aprobada por Almacén
Mensaje: Su solicitud #22 ha sido aprobada por el área de almacén. Puede pasar a recoger los elementos solicitados.
----------------------------------------

Fecha: 2025-07-27 23:50:30
Destinatario: adriiang322@gmail.com
Asunto: Solicitud Aprobada por Almacén
Mensaje: Su solicitud #23 ha sido aprobada por el área de almacén. Puede pasar a recoger los elementos solicitados.
----------------------------------------

Fecha: 2025-07-28 13:37:52
Destinatario: adriiang322@gmail.com
Asunto: Solicitud Aprobada por Almacén
Mensaje: Su solicitud #23 ha sido aprobada por el área de almacén. Puede pasar a recoger los elementos solicitados.
----------------------------------------

Fecha: 2025-07-28 13:50:32
Destinatario: adriiang322@gmail.com
Asunto: Solicitud Rechazada
Mensaje: Lamentamos informarle que su solicitud #24 ha sido rechazada.

Motivo del rechazo: sin stock

Si tiene alguna duda, por favor comuníquese con el área correspondiente.
----------------------------------------

Fecha: 2025-07-28 13:50:43
Destinatario: adriiang322@gmail.com
Asunto: Solicitud Rechazada
Mensaje: Lamentamos informarle que su solicitud #22 ha sido rechazada.

Motivo del rechazo: 5

Si tiene alguna duda, por favor comuníquese con el área correspondiente.
----------------------------------------

Fecha: 2025-07-28 13:50:51
Destinatario: adriiang322@gmail.com
Asunto: Solicitud Rechazada
Mensaje: Lamentamos informarle que su solicitud #19 ha sido rechazada.

Motivo del rechazo: 1

Si tiene alguna duda, por favor comuníquese con el área correspondiente.
----------------------------------------

Fecha: 2025-07-28 13:50:56
Destinatario: adriiang322@gmail.com
Asunto: Solicitud Rechazada
Mensaje: Lamentamos informarle que su solicitud #21 ha sido rechazada.

Motivo del rechazo: 55

Si tiene alguna duda, por favor comuníquese con el área correspondiente.
----------------------------------------

Fecha: 2025-07-28 13:51:08
Destinatario: adriiang322@gmail.com
Asunto: Solicitud Rechazada
Mensaje: Lamentamos informarle que su solicitud #23 ha sido rechazada.

Motivo del rechazo: l

Si tiene alguna duda, por favor comuníquese con el área correspondiente.
----------------------------------------

Fecha: 2025-07-28 13:51:58
Destinatario: adriiang322@gmail.com
Asunto: Solicitud Rechazada
Mensaje: Lamentamos informarle que su solicitud #24 ha sido rechazada.

Motivo del rechazo: xd

Si tiene alguna duda, por favor comuníquese con el área correspondiente.
----------------------------------------

Fecha: 2025-07-28 14:10:53
Destinatario: adriiang322@gmail.com
Asunto: Solicitud Rechazada
Mensaje: Lamentamos informarle que su solicitud #25 ha sido rechazada.

Motivo del rechazo: sin stock

Si tiene alguna duda, por favor comuníquese con el área correspondiente.
----------------------------------------

Fecha: 2025-07-28 14:11:25
Destinatario: adriiang322@gmail.com
Asunto: Solicitud Rechazada
Mensaje: Lamentamos informarle que su solicitud #25 ha sido rechazada.

Motivo del rechazo: xd

Si tiene alguna duda, por favor comuníquese con el área correspondiente.
----------------------------------------

Fecha: 2025-07-28 14:12:42
Destinatario: adriiang322@gmail.com
Asunto: Solicitud Rechazada
Mensaje: Lamentamos informarle que su solicitud #25 ha sido rechazada.

Motivo del rechazo: xd

Si tiene alguna duda, por favor comuníquese con el área correspondiente.
----------------------------------------

Fecha: 2025-07-28 14:12:56
Destinatario: adriiang322@gmail.com
Asunto: Solicitud Rechazada
Mensaje: Lamentamos informarle que su solicitud #25 ha sido rechazada.

Motivo del rechazo: xd

Si tiene alguna duda, por favor comuníquese con el área correspondiente.
----------------------------------------

Fecha: 2025-07-28 14:13:14
Destinatario: adriiang322@gmail.com
Asunto: Solicitud Rechazada
Mensaje: Lamentamos informarle que su solicitud #25 ha sido rechazada.

Motivo del rechazo: xd

Si tiene alguna duda, por favor comuníquese con el área correspondiente.
----------------------------------------

Fecha: 2025-07-28 14:13:15
Destinatario: adriiang322@gmail.com
Asunto: Solicitud Rechazada
Mensaje: Lamentamos informarle que su solicitud #25 ha sido rechazada.

Motivo del rechazo: xd

Si tiene alguna duda, por favor comuníquese con el área correspondiente.
----------------------------------------

Fecha: 2025-07-28 14:13:15
Destinatario: adriiang322@gmail.com
Asunto: Solicitud Rechazada
Mensaje: Lamentamos informarle que su solicitud #25 ha sido rechazada.

Motivo del rechazo: xd

Si tiene alguna duda, por favor comuníquese con el área correspondiente.
----------------------------------------

Fecha: 2025-07-28 14:13:15
Destinatario: adriiang322@gmail.com
Asunto: Solicitud Rechazada
Mensaje: Lamentamos informarle que su solicitud #25 ha sido rechazada.

Motivo del rechazo: xd

Si tiene alguna duda, por favor comuníquese con el área correspondiente.
----------------------------------------

Fecha: 2025-07-28 14:13:15
Destinatario: adriiang322@gmail.com
Asunto: Solicitud Rechazada
Mensaje: Lamentamos informarle que su solicitud #25 ha sido rechazada.

Motivo del rechazo: xd

Si tiene alguna duda, por favor comuníquese con el área correspondiente.
----------------------------------------

Fecha: 2025-07-28 14:13:15
Destinatario: adriiang322@gmail.com
Asunto: Solicitud Rechazada
Mensaje: Lamentamos informarle que su solicitud #25 ha sido rechazada.

Motivo del rechazo: xd

Si tiene alguna duda, por favor comuníquese con el área correspondiente.
----------------------------------------

Fecha: 2025-07-28 14:13:15
Destinatario: adriiang322@gmail.com
Asunto: Solicitud Rechazada
Mensaje: Lamentamos informarle que su solicitud #25 ha sido rechazada.

Motivo del rechazo: xd

Si tiene alguna duda, por favor comuníquese con el área correspondiente.
----------------------------------------

Fecha: 2025-07-28 14:13:17
Destinatario: adriiang322@gmail.com
Asunto: Solicitud Rechazada
Mensaje: Lamentamos informarle que su solicitud #25 ha sido rechazada.

Motivo del rechazo: xd

Si tiene alguna duda, por favor comuníquese con el área correspondiente.
----------------------------------------

Fecha: 2025-07-28 14:13:19
Destinatario: adriiang322@gmail.com
Asunto: Solicitud Rechazada
Mensaje: Lamentamos informarle que su solicitud #25 ha sido rechazada.

Motivo del rechazo: xd

Si tiene alguna duda, por favor comuníquese con el área correspondiente.
----------------------------------------

Fecha: 2025-07-28 14:13:26
Destinatario: adriiang322@gmail.com
Asunto: Solicitud Rechazada
Mensaje: Lamentamos informarle que su solicitud #24 ha sido rechazada.

Motivo del rechazo: xd

Si tiene alguna duda, por favor comuníquese con el área correspondiente.
----------------------------------------

Fecha: 2025-07-28 14:20:18
Destinatario: adriiang322@gmail.com
Asunto: Solicitud Rechazada
Mensaje: Lamentamos informarle que su solicitud #25 ha sido rechazada.

Motivo del rechazo: xd

Si tiene alguna duda, por favor comuníquese con el área correspondiente.
----------------------------------------

Fecha: 2025-07-28 14:31:22
Destinatario: adriiang322@gmail.com
Asunto: Solicitud Rechazada
Mensaje: Lamentamos informarle que su solicitud #25 ha sido rechazada.

Motivo del rechazo: no tiene stock

Si tiene alguna duda, por favor comuníquese con el área correspondiente.
----------------------------------------

Fecha: 2025-07-28 14:31:35
Destinatario: adriiang322@gmail.com
Asunto: Solicitud Rechazada
Mensaje: Lamentamos informarle que su solicitud #19 ha sido rechazada.

Motivo del rechazo: 45

Si tiene alguna duda, por favor comuníquese con el área correspondiente.
----------------------------------------

Fecha: 2025-07-28 14:36:35
Destinatario: adriiang322@gmail.com
Asunto: Solicitud Rechazada
Mensaje: Lamentamos informarle que su solicitud #24 ha sido rechazada.

Motivo del rechazo: xd

Si tiene alguna duda, por favor comuníquese con el área correspondiente.
----------------------------------------

Fecha: 2025-07-28 14:37:47
Destinatario: adriiang322@gmail.com
Asunto: Solicitud Rechazada
Mensaje: Lamentamos informarle que su solicitud #23 ha sido rechazada.

Motivo del rechazo: xd

Si tiene alguna duda, por favor comuníquese con el área correspondiente.
----------------------------------------

Fecha: 2025-07-28 14:44:58
Destinatario: adriiang322@gmail.com
Asunto: Solicitud Rechazada
Mensaje: Lamentamos informarle que su solicitud #22 ha sido rechazada.

Motivo del rechazo: xd

Si tiene alguna duda, por favor comuníquese con el área correspondiente.
----------------------------------------

Fecha: 2025-07-28 14:45:07
Destinatario: adriiang322@gmail.com
Asunto: Solicitud Rechazada
Mensaje: Lamentamos informarle que su solicitud #21 ha sido rechazada.

Motivo del rechazo: xd

Si tiene alguna duda, por favor comuníquese con el área correspondiente.
----------------------------------------

Fecha: 2025-07-28 14:47:15
Destinatario: adriiang322@gmail.com
Asunto: Solicitud Rechazada
Mensaje: Lamentamos informarle que su solicitud #27 ha sido rechazada.

Motivo del rechazo: xd

Si tiene alguna duda, por favor comuníquese con el área correspondiente.
----------------------------------------

Fecha: 2025-07-28 14:47:18
Destinatario: adriiang322@gmail.com
Asunto: Solicitud Aprobada por Almacén
Mensaje: Su solicitud #26 ha sido aprobada por el área de almacén. Puede pasar a recoger los elementos solicitados.
----------------------------------------

Fecha: 2025-07-28 14:47:20
Destinatario: adriiang322@gmail.com
Asunto: Solicitud Aprobada por Almacén
Mensaje: Su solicitud #26 ha sido aprobada por el área de almacén. Puede pasar a recoger los elementos solicitados.
----------------------------------------

Fecha: 2025-07-28 15:55:40
Destinatario: adriiang322@gmail.com
Asunto: Solicitud Rechazada
Mensaje: Lamentamos informarle que su solicitud #23 ha sido rechazada.

Motivo del rechazo: no

Si tiene alguna duda, por favor comuníquese con el área correspondiente.
----------------------------------------

Fecha: 2025-07-28 15:55:45
Destinatario: adriiang322@gmail.com
Asunto: Solicitud Rechazada
Mensaje: Lamentamos informarle que su solicitud #22 ha sido rechazada.

Motivo del rechazo: no

Si tiene alguna duda, por favor comuníquese con el área correspondiente.
----------------------------------------

Fecha: 2025-07-28 15:55:48
Destinatario: adriiang322@gmail.com
Asunto: Solicitud Rechazada
Mensaje: Lamentamos informarle que su solicitud #21 ha sido rechazada.

Motivo del rechazo: no

Si tiene alguna duda, por favor comuníquese con el área correspondiente.
----------------------------------------

Fecha: 2025-07-28 15:55:52
Destinatario: adriiang322@gmail.com
Asunto: Solicitud Rechazada
Mensaje: Lamentamos informarle que su solicitud #19 ha sido rechazada.

Motivo del rechazo: no

Si tiene alguna duda, por favor comuníquese con el área correspondiente.
----------------------------------------

Fecha: 2025-07-28 15:56:59
Destinatario: adriiang322@gmail.com
Asunto: Solicitud Aprobada por Almacén
Mensaje: Su solicitud #24 ha sido aprobada por el área de almacén. Puede pasar a recoger los elementos solicitados.
----------------------------------------

Fecha: 2025-07-28 16:00:29
Destinatario: adriiang322@gmail.com
Asunto: Solicitud Aprobada por Almacén
Mensaje: Su solicitud #29 ha sido aprobada por el área de almacén. Puede pasar a recoger los elementos solicitados.
----------------------------------------

Fecha: 2025-07-28 16:01:54
Destinatario: adriiang322@gmail.com
Asunto: Solicitud Aprobada por Almacén
Mensaje: Su solicitud #30 ha sido aprobada por el área de almacén. Puede pasar a recoger los elementos solicitados.
----------------------------------------

Fecha: 2025-07-30 23:04:05
Destinatario: adriiang322@gmail.com
Asunto: Solicitud Rechazada
Mensaje: Lamentamos informarle que su solicitud #31 ha sido rechazada.

Motivo del rechazo: no

Si tiene alguna duda, por favor comuníquese con el área correspondiente.
----------------------------------------

Fecha: 2025-07-30 23:04:09
Destinatario: adriiang322@gmail.com
Asunto: Solicitud Rechazada
Mensaje: Lamentamos informarle que su solicitud #32 ha sido rechazada.

Motivo del rechazo: z

Si tiene alguna duda, por favor comuníquese con el área correspondiente.
----------------------------------------

Fecha: 2025-07-30 23:19:08
Destinatario: adriiang322@gmail.com
Asunto: Solicitud Rechazada
Mensaje: Lamentamos informarle que su solicitud #33 ha sido rechazada.

Motivo del rechazo: x

Si tiene alguna duda, por favor comuníquese con el área correspondiente.
----------------------------------------

Fecha: 2025-07-30 23:19:11
Destinatario: adriiang322@gmail.com
Asunto: Solicitud Rechazada
Mensaje: Lamentamos informarle que su solicitud #34 ha sido rechazada.

Motivo del rechazo: a

Si tiene alguna duda, por favor comuníquese con el área correspondiente.
----------------------------------------

Fecha: 2025-07-30 23:20:10
Destinatario: adriiang322@gmail.com
Asunto: Solicitud Aprobada por Almacén
Mensaje: Su solicitud #37 ha sido aprobada por el área de almacén. Puede pasar a recoger los elementos solicitados.
----------------------------------------

Fecha: 2025-07-30 23:26:13
Destinatario: adriiang322@gmail.com
Asunto: Solicitud Aprobada por Almacén
Mensaje: Su solicitud #36 ha sido aprobada por el área de almacén. Puede pasar a recoger los elementos solicitados.
----------------------------------------

Fecha: 2025-07-31 05:56:16
Destinatario: adriiang322@gmail.com
Asunto: Solicitud Aprobada por Almacén
Mensaje: Su solicitud #38 ha sido aprobada por el área de almacén. Puede pasar a recoger los elementos solicitados.
----------------------------------------

